🚀 Iniciando Sistema de Retroalimentación y Comentarios...

📋 Verificando prerrequisitos...
[0;32m✓ Docker está corriendo[0m
[0;32m✓ Java 21 está instalado[0m

🐰 Verificando RabbitMQ...
[0;32m✓ RabbitMQ ya está corriendo[0m
   Contenedor detectado: innosistemas-retroalimentacion-comentarios_devcontainer-rabbitmq-1

📊 Información de RabbitMQ:
   - Management UI: http://localhost:15672
   - Usuario: guest
   - Contraseña: guest

   Modo: DevContainer (usando nombres de servicio internos)
🌱 Iniciando aplicación Spring Boot...
   - Swagger UI: http://localhost:8080/swagger-ui.html
   - API Docs: http://localhost:8080/api-docs
   - WebSocket: ws://localhost:8080/ws

[1;33mPresiona Ctrl+C para detener la aplicación[0m

==========================================

[INFO] Scanning for projects...
[INFO] 
[INFO] ----------< com.inosistemas:retroalimentacion-y-comentarios >-----------
[INFO] Building retroalimentacion-y-comentarios 0.0.1-SNAPSHOT
[INFO]   from pom.xml
[INFO] --------------------------------[ jar ]---------------------------------
[INFO] 
[INFO] >>> spring-boot:3.5.7:run (default-cli) > test-compile @ retroalimentacion-y-comentarios >>>
[INFO] 
[INFO] --- resources:3.3.1:resources (default-resources) @ retroalimentacion-y-comentarios ---
[INFO] Copying 1 resource from src/main/resources to target/classes
[INFO] Copying 3 resources from src/main/resources to target/classes
[INFO] 
[INFO] --- compiler:3.14.1:compile (default-compile) @ retroalimentacion-y-comentarios ---
[INFO] Recompiling the module because of changed source code.
[INFO] Compiling 27 source files with javac [debug parameters release 21] to target/classes
[INFO] Annotation processing is enabled because one or more processors were found
  on the class path. A future release of javac may disable annotation processing
  unless at least one processor is specified by name (-processor), or a search
  path is specified (--processor-path, --processor-module-path), or annotation
  processing is enabled explicitly (-proc:only, -proc:full).
  Use -Xlint:-options to suppress this message.
  Use -proc:none to disable annotation processing.
[INFO] 
[INFO] --- resources:3.3.1:testResources (default-testResources) @ retroalimentacion-y-comentarios ---
[INFO] skip non existing resourceDirectory /workspace/retroalimentación-comentarios/src/test/resources
[INFO] 
[INFO] --- compiler:3.14.1:testCompile (default-testCompile) @ retroalimentacion-y-comentarios ---
[INFO] Recompiling the module because of changed dependency.
[INFO] Compiling 1 source file with javac [debug parameters release 21] to target/test-classes
[INFO] Annotation processing is enabled because one or more processors were found
  on the class path. A future release of javac may disable annotation processing
  unless at least one processor is specified by name (-processor), or a search
  path is specified (--processor-path, --processor-module-path), or annotation
  processing is enabled explicitly (-proc:only, -proc:full).
  Use -Xlint:-options to suppress this message.
  Use -proc:none to disable annotation processing.
[INFO] 
[INFO] <<< spring-boot:3.5.7:run (default-cli) < test-compile @ retroalimentacion-y-comentarios <<<
[INFO] 
[INFO] 
[INFO] --- spring-boot:3.5.7:run (default-cli) @ retroalimentacion-y-comentarios ---
[INFO] Attaching agents: []

  .   ____          _            __ _ _
 /\\ / ___'_ __ _ _(_)_ __  __ _ \ \ \ \
( ( )\___ | '_ | '_| | '_ \/ _` | \ \ \ \
 \\/  ___)| |_)| | | | | || (_| |  ) ) ) )
  '  |____| .__|_| |_|_| |_\__, | / / / /
 =========|_|==============|___/=/_/_/_/

 :: Spring Boot ::                (v3.5.7)

2025-11-03T02:41:13.749Z  INFO 51269 --- [retroalimentacion-y-comentarios] [           main] RetroalimentacionYComentariosApplication : Starting RetroalimentacionYComentariosApplication using Java 21 with PID 51269 (/workspace/retroalimentación-comentarios/target/classes started by developer in /workspace/retroalimentación-comentarios)
2025-11-03T02:41:13.755Z  INFO 51269 --- [retroalimentacion-y-comentarios] [           main] RetroalimentacionYComentariosApplication : No active profile set, falling back to 1 default profile: "default"
2025-11-03T02:41:15.001Z  INFO 51269 --- [retroalimentacion-y-comentarios] [           main] .s.d.r.c.RepositoryConfigurationDelegate : Bootstrapping Spring Data JPA repositories in DEFAULT mode.
2025-11-03T02:41:15.053Z  INFO 51269 --- [retroalimentacion-y-comentarios] [           main] .s.d.r.c.RepositoryConfigurationDelegate : Finished Spring Data repository scanning in 44 ms. Found 3 JPA repository interfaces.
2025-11-03T02:41:15.595Z  INFO 51269 --- [retroalimentacion-y-comentarios] [           main] o.s.b.w.embedded.tomcat.TomcatWebServer  : Tomcat initialized with port 8080 (http)
2025-11-03T02:41:15.607Z  INFO 51269 --- [retroalimentacion-y-comentarios] [           main] o.apache.catalina.core.StandardService   : Starting service [Tomcat]
2025-11-03T02:41:15.607Z  INFO 51269 --- [retroalimentacion-y-comentarios] [           main] o.apache.catalina.core.StandardEngine    : Starting Servlet engine: [Apache Tomcat/10.1.48]
2025-11-03T02:41:15.649Z  INFO 51269 --- [retroalimentacion-y-comentarios] [           main] o.a.c.c.C.[Tomcat].[localhost].[/]       : Initializing Spring embedded WebApplicationContext
2025-11-03T02:41:15.650Z  INFO 51269 --- [retroalimentacion-y-comentarios] [           main] w.s.c.ServletWebServerApplicationContext : Root WebApplicationContext: initialization completed in 1740 ms
2025-11-03T02:41:15.939Z  INFO 51269 --- [retroalimentacion-y-comentarios] [           main] com.zaxxer.hikari.HikariDataSource       : HikariPool-1 - Starting...
2025-11-03T02:41:16.208Z  INFO 51269 --- [retroalimentacion-y-comentarios] [           main] com.zaxxer.hikari.pool.HikariPool        : HikariPool-1 - Added connection org.postgresql.jdbc.PgConnection@6befbb12
2025-11-03T02:41:16.211Z  INFO 51269 --- [retroalimentacion-y-comentarios] [           main] com.zaxxer.hikari.HikariDataSource       : HikariPool-1 - Start completed.
2025-11-03T02:41:16.247Z  INFO 51269 --- [retroalimentacion-y-comentarios] [           main] org.flywaydb.core.FlywayExecutor         : Database: jdbc:postgresql://db:5432/InnosistemasDB (PostgreSQL 18.0)
2025-11-03T02:41:16.257Z  WARN 51269 --- [retroalimentacion-y-comentarios] [           main] o.f.c.internal.database.base.Database    : Flyway upgrade recommended: PostgreSQL 18.0 is newer than this version of Flyway and support has not been tested. The latest supported version of PostgreSQL is 17.
2025-11-03T02:41:16.317Z  INFO 51269 --- [retroalimentacion-y-comentarios] [           main] o.f.core.internal.command.DbValidate     : Successfully validated 3 migrations (execution time 00:00.042s)
2025-11-03T02:41:16.373Z  INFO 51269 --- [retroalimentacion-y-comentarios] [           main] o.f.core.internal.command.DbMigrate      : Current version of schema "public": 3
2025-11-03T02:41:16.376Z  INFO 51269 --- [retroalimentacion-y-comentarios] [           main] o.f.core.internal.command.DbMigrate      : Schema "public" is up to date. No migration necessary.
2025-11-03T02:41:16.483Z  INFO 51269 --- [retroalimentacion-y-comentarios] [           main] o.hibernate.jpa.internal.util.LogHelper  : HHH000204: Processing PersistenceUnitInfo [name: default]
2025-11-03T02:41:16.545Z  INFO 51269 --- [retroalimentacion-y-comentarios] [           main] org.hibernate.Version                    : HHH000412: Hibernate ORM core version 6.6.33.Final
2025-11-03T02:41:16.572Z  INFO 51269 --- [retroalimentacion-y-comentarios] [           main] o.h.c.internal.RegionFactoryInitiator    : HHH000026: Second-level cache disabled
2025-11-03T02:41:16.797Z  INFO 51269 --- [retroalimentacion-y-comentarios] [           main] o.s.o.j.p.SpringPersistenceUnitInfo      : No LoadTimeWeaver setup: ignoring JPA class transformer
2025-11-03T02:41:16.868Z  INFO 51269 --- [retroalimentacion-y-comentarios] [           main] org.hibernate.orm.connections.pooling    : HHH10001005: Database info:
	Database JDBC URL [Connecting through datasource 'HikariDataSource (HikariPool-1)']
	Database driver: undefined/unknown
	Database version: 18.0
	Autocommit mode: undefined/unknown
	Isolation level: undefined/unknown
	Minimum pool size: undefined/unknown
	Maximum pool size: undefined/unknown
2025-11-03T02:41:17.715Z  INFO 51269 --- [retroalimentacion-y-comentarios] [           main] o.h.e.t.j.p.i.JtaPlatformInitiator       : HHH000489: No JTA platform available (set 'hibernate.transaction.jta.platform' to enable JTA platform integration)
2025-11-03T02:41:17.717Z  INFO 51269 --- [retroalimentacion-y-comentarios] [           main] j.LocalContainerEntityManagerFactoryBean : Initialized JPA EntityManagerFactory for persistence unit 'default'
2025-11-03T02:41:17.944Z  INFO 51269 --- [retroalimentacion-y-comentarios] [           main] o.s.d.j.r.query.QueryEnhancerFactory     : Hibernate is in classpath; If applicable, HQL parser will be used.
2025-11-03T02:41:18.787Z  WARN 51269 --- [retroalimentacion-y-comentarios] [           main] JpaBaseConfiguration$JpaWebConfiguration : spring.jpa.open-in-view is enabled by default. Therefore, database queries may be performed during view rendering. Explicitly configure spring.jpa.open-in-view to disable this warning
2025-11-03T02:41:18.860Z  INFO 51269 --- [retroalimentacion-y-comentarios] [           main] r$InitializeUserDetailsManagerConfigurer : Global AuthenticationManager configured with UserDetailsService bean with name userDetailsService
2025-11-03T02:41:19.397Z  INFO 51269 --- [retroalimentacion-y-comentarios] [           main] o.s.m.s.b.SimpleBrokerMessageHandler     : Starting...
2025-11-03T02:41:19.398Z  INFO 51269 --- [retroalimentacion-y-comentarios] [           main] o.s.m.s.b.SimpleBrokerMessageHandler     : BrokerAvailabilityEvent[available=true, SimpleBrokerMessageHandler [org.springframework.messaging.simp.broker.DefaultSubscriptionRegistry@60e72ced]]
2025-11-03T02:41:19.398Z  INFO 51269 --- [retroalimentacion-y-comentarios] [           main] o.s.m.s.b.SimpleBrokerMessageHandler     : Started.
2025-11-03T02:41:19.403Z  INFO 51269 --- [retroalimentacion-y-comentarios] [           main] o.s.m.s.b.SimpleBrokerMessageHandler     : Stopping...
2025-11-03T02:41:19.404Z  INFO 51269 --- [retroalimentacion-y-comentarios] [           main] o.s.m.s.b.SimpleBrokerMessageHandler     : BrokerAvailabilityEvent[available=false, SimpleBrokerMessageHandler [org.springframework.messaging.simp.broker.DefaultSubscriptionRegistry@60e72ced]]
2025-11-03T02:41:19.404Z  INFO 51269 --- [retroalimentacion-y-comentarios] [           main] o.s.m.s.b.SimpleBrokerMessageHandler     : Stopped.
2025-11-03T02:41:19.405Z  WARN 51269 --- [retroalimentacion-y-comentarios] [           main] ConfigServletWebServerApplicationContext : Exception encountered during context initialization - cancelling refresh attempt: org.springframework.context.ApplicationContextException: Failed to start bean 'webServerStartStop'
2025-11-03T02:41:19.409Z  INFO 51269 --- [retroalimentacion-y-comentarios] [           main] j.LocalContainerEntityManagerFactoryBean : Closing JPA EntityManagerFactory for persistence unit 'default'
2025-11-03T02:41:19.410Z  INFO 51269 --- [retroalimentacion-y-comentarios] [           main] com.zaxxer.hikari.HikariDataSource       : HikariPool-1 - Shutdown initiated...
2025-11-03T02:41:19.417Z  INFO 51269 --- [retroalimentacion-y-comentarios] [           main] com.zaxxer.hikari.HikariDataSource       : HikariPool-1 - Shutdown completed.
2025-11-03T02:41:19.435Z  INFO 51269 --- [retroalimentacion-y-comentarios] [           main] .s.b.a.l.ConditionEvaluationReportLogger : 

Error starting ApplicationContext. To display the condition evaluation report re-run your application with 'debug' enabled.
2025-11-03T02:41:19.448Z ERROR 51269 --- [retroalimentacion-y-comentarios] [           main] o.s.b.d.LoggingFailureAnalysisReporter   : 

***************************
APPLICATION FAILED TO START
***************************

Description:

Web server failed to start. Port 8080 was already in use.

Action:

Identify and stop the process that's listening on port 8080 or configure this application to listen on another port.

[INFO] ------------------------------------------------------------------------
[INFO] BUILD FAILURE
[INFO] ------------------------------------------------------------------------
[INFO] Total time:  13.216 s
[INFO] Finished at: 2025-11-03T02:41:19Z
[INFO] ------------------------------------------------------------------------
[ERROR] Failed to execute goal org.springframework.boot:spring-boot-maven-plugin:3.5.7:run (default-cli) on project retroalimentacion-y-comentarios: Process terminated with exit code: 1 -> [Help 1]
[ERROR] 
[ERROR] To see the full stack trace of the errors, re-run Maven with the -e switch.
[ERROR] Re-run Maven using the -X switch to enable full debug logging.
[ERROR] 
[ERROR] For more information about the errors and possible solutions, please read the following articles:
[ERROR] [Help 1] http://cwiki.apache.org/confluence/display/MAVEN/MojoExecutionException
